CCS PCM C Compiler, Version 5.007, 61971               15-May-18 13:10

               Filename:   C:\Users\Hp\Desktop\micro\lab2.1\sevenSegment.lst

               ROM used:   117 words (1%)
                           Largest free fragment is 2048
               RAM used:   7 (2%) at main() level
                           11 (3%) worst case
               Stack used: 0 locations
               Stack size: 8

*
0000:  MOVLW  00
0001:  MOVWF  0A
0002:  GOTO   040
0003:  NOP
.................... // 0-9 seven segment sayýcý 
....................  
.................... //   ---------    --------- 
.................... //   |   A   |    |   A   | 
.................... //  F|       |B  F|       |B 
.................... //   |---G---|    |---G---| 
.................... //  E|       |C  E|       |C 
.................... //   |   D   |    |   D   | 
.................... //   ---------    ---------   
.................... // Pin Konfigürasyonu: 
.................... // 0 => -FEDCBA 
.................... // 1 => ----BC- 
.................... // 2 => G-ED-BA 
.................... // 3 => G--DCBA 
.................... // 4 => GF--CB- 
.................... // 5 => GF-DC-A 
.................... // 6 => GFEDC-A 
.................... // 7 => ----CBA 
.................... // 8 => GFEDCBA 
.................... // 9 => GF-DCBA 
....................  
.................... #include <16F887.h> 
.................... //////// Standard Header file for the PIC16F887 device //////////////// 
.................... #device PIC16F887 
0004:  BCF    0A.0
0005:  BCF    0A.1
0006:  BCF    0A.2
0007:  ADDWF  02,F
0008:  RETLW  3F
0009:  RETLW  06
000A:  RETLW  5B
000B:  RETLW  4F
000C:  RETLW  66
000D:  RETLW  6D
000E:  RETLW  7D
000F:  RETLW  07
0010:  RETLW  7F
0011:  RETLW  6F
*
0029:  MOVF   25,W
002A:  CLRF   78
002B:  SUBWF  24,W
002C:  BTFSC  03.0
002D:  GOTO   031
002E:  MOVF   24,W
002F:  MOVWF  77
0030:  GOTO   03D
0031:  CLRF   77
0032:  MOVLW  08
0033:  MOVWF  26
0034:  RLF    24,F
0035:  RLF    77,F
0036:  MOVF   25,W
0037:  SUBWF  77,W
0038:  BTFSC  03.0
0039:  MOVWF  77
003A:  RLF    78,F
003B:  DECFSZ 26,F
003C:  GOTO   034
003D:  BCF    0A.3
003E:  BCF    0A.4
003F:  GOTO   071 (RETURN)
....................  
.................... #list 
....................  
.................... #fuses XT 
.................... #use delay(clock=4M)  
*
0012:  MOVLW  23
0013:  MOVWF  04
0014:  BCF    03.7
0015:  MOVF   00,W
0016:  BTFSC  03.2
0017:  GOTO   026
0018:  MOVLW  01
0019:  MOVWF  78
001A:  CLRF   77
001B:  DECFSZ 77,F
001C:  GOTO   01B
001D:  DECFSZ 78,F
001E:  GOTO   01A
001F:  MOVLW  4A
0020:  MOVWF  77
0021:  DECFSZ 77,F
0022:  GOTO   021
0023:  GOTO   024
0024:  DECFSZ 00,F
0025:  GOTO   018
0026:  BCF    0A.3
0027:  BCF    0A.4
0028:  GOTO   068 (RETURN)
.................... #use fast_io(b) 
.................... #define segmentBirler  pin_a1 
.................... #define segmentOnlar   pin_a0 
....................  
.................... const char sSegment[10]={0x3F,0x06,0x5B,0x4F,0x66,0x6D,0x7D,0x07,0x7F,0x6F }; 
....................  
.................... void main() 
*
0040:  BSF    03.5
0041:  BSF    03.6
0042:  MOVF   09,W
0043:  ANDLW  C0
0044:  MOVWF  09
0045:  BCF    03.6
0046:  BCF    1F.4
0047:  BCF    1F.5
0048:  MOVLW  00
0049:  BSF    03.6
004A:  MOVWF  08
004B:  BCF    03.5
004C:  CLRF   07
004D:  CLRF   08
004E:  CLRF   09
004F:  BCF    03.7
0050:  MOVLW  1F
0051:  ANDWF  03,F
.................... { 
....................    set_tris_b(0x00); 
0052:  MOVLW  00
0053:  BSF    03.5
0054:  BCF    03.6
0055:  MOVWF  06
....................    set_tris_a(0x00); 
0056:  MOVWF  05
....................    output_low(segmentOnlar); 
0057:  BCF    05.0
0058:  BCF    03.5
0059:  BCF    05.0
....................    output_high(segmentBirler); 
005A:  BSF    03.5
005B:  BCF    05.1
005C:  BCF    03.5
005D:  BSF    05.1
....................  
....................     
....................    int i=0; 
005E:  CLRF   21
....................     
....................    while(1) 
....................    { 
....................     
....................          output_b(sSegment[i]);       
005F:  MOVF   21,W
0060:  CALL   004
0061:  MOVWF  22
0062:  MOVWF  06
....................          delay_ms(500); 
0063:  MOVLW  02
0064:  MOVWF  22
0065:  MOVLW  FA
0066:  MOVWF  23
0067:  GOTO   012
0068:  DECFSZ 22,F
0069:  GOTO   065
....................          i=(i+1)%10;  
006A:  MOVLW  01
006B:  ADDWF  21,W
006C:  MOVWF  23
006D:  MOVWF  24
006E:  MOVLW  0A
006F:  MOVWF  25
0070:  GOTO   029
0071:  MOVF   77,W
0072:  MOVWF  21
0073:  GOTO   05F
....................    } 
....................     
.................... } 
....................  
0074:  SLEEP

Configuration Fuses:
   Word  1: 2FE1   XT NOWDT PUT MCLR NOPROTECT NOCPD BROWNOUT IESO FCMEN NOLVP NODEBUG
   Word  2: 3FFF   BORV40 NOWRT
